A51 MACRO ASSEMBLER  TRAFFICLIGHTDEMO                                                     03/17/2020 16:49:19 PAGE     1


MACRO ASSEMBLER A51 V8.02
OBJECT MODULE PLACED IN TrafficLightDemo.OBJ
ASSEMBLER INVOKED BY: C:\Keil\C51\BIN\A51.EXE TrafficLightDemo.A51 SET(SMALL) DEBUG EP

LOC  OBJ            LINE     SOURCE

0000                   1             ORG 0000h                               ;tells the compiler all subsequent code sta
                             rting at address 0000h
  0095                 2                     GREEN BIT P1.5
  0096                 3                     RED BIT P1.6
                       4     
0000 1106              5     MAIN:   CALL ON
0002 110F              6                     CALL OFF
0004 80FA              7                     JMP MAIN
                       8     
0006 D295              9     ON:             SETB GREEN
0008 C296             10                     CLR RED
000A 7828             11                     MOV R0, #40
000C 1118             12                     CALL DELAY
000E 22               13                     RET
                      14                     
000F C295             15     OFF:    CLR GREEN
0011 D296             16                     SETB RED
0013 7814             17                     MOV R0, #20
0015 1118             18                     CALL DELAY
0017 22               19                     RET
                      20     
0018 7900             21     DELAY:  MOV R1, #0
001A 7A00             22                     MOV R2, #0
                      23     
001C DAFE             24     LOOP:   DJNZ R2, LOOP
001E D9FC             25                     DJNZ R1, LOOP
0020 D8FA             26                     DJNZ R0, LOOP
0022 22               27                     RET
                      28     
                      29                     END
A51 MACRO ASSEMBLER  TRAFFICLIGHTDEMO                                                     03/17/2020 16:49:19 PAGE     2

SYMBOL TABLE LISTING
------ ----- -------


N A M E             T Y P E  V A L U E   ATTRIBUTES

DELAY. . . . . . .  C ADDR   0018H   A   
GREEN. . . . . . .  B ADDR   0090H.5 A   
LOOP . . . . . . .  C ADDR   001CH   A   
MAIN . . . . . . .  C ADDR   0000H   A   
OFF. . . . . . . .  C ADDR   000FH   A   
ON . . . . . . . .  C ADDR   0006H   A   
P1 . . . . . . . .  D ADDR   0090H   A   
RED. . . . . . . .  B ADDR   0090H.6 A   


REGISTER BANK(S) USED: 0 


ASSEMBLY COMPLETE.  0 WARNING(S), 0 ERROR(S)
